// Vitest Snapshot v1, https://vitest.dev/guide/snapshot.html

exports[`message when property not found 1`] = `[Error: Invalid Chai property: toHaveStyleRule]`;

exports[`message when rules not found 1`] = `[Error: Invalid Chai property: toHaveStyleRule]`;

exports[`message when rules not found using options 1`] = `
[Error: No style rules found on passed Component using options:
{"media":"(max-width:640px)","modifier":":hover"}]
`;

exports[`message when value does not match 1`] = `[Error: Invalid Chai property: toHaveStyleRule]`;

exports[`non existing 1`] = `[Error: Invalid Chai property: toHaveStyleRule]`;
